[18:38:48] [ServerMain/INFO]: Environment: Environment[sessionHost=https://sessionserver.mojang.com, servicesHost=https://api.minecraftservices.com, name=PROD]
[18:38:51] [ServerMain/INFO]: Loaded 1370 recipes
[18:38:51] [ServerMain/INFO]: Loaded 1481 advancements
[18:38:51] [Server thread/INFO]: Starting minecraft server version 1.21.4
[18:38:51] [Server thread/INFO]: Loading properties
[18:38:51] [Server thread/INFO]: Default game type: SURVIVAL
[18:38:51] [Server thread/INFO]: Generating keypair
[18:38:51] [Server thread/INFO]: Starting Minecraft server on *:25565
[18:38:51] [Server thread/INFO]: Using epoll channel type
[18:38:51] [Server thread/INFO]: Preparing level "world"
[18:38:51] [Server thread/INFO]: Preparing start region for dimension minecraft:overworld
[18:38:56] [Worker-Main-1/INFO]: Preparing spawn area: 0%
[18:38:56] [Worker-Main-1/INFO]: Preparing spawn area: 0%
[18:38:56] [Worker-Main-1/INFO]: Preparing spawn area: 0%
[18:38:56] [Worker-Main-1/INFO]: Preparing spawn area: 0%
[18:38:56] [Worker-Main-1/INFO]: Preparing spawn area: 0%
[18:38:56] [Worker-Main-1/INFO]: Preparing spawn area: 0%
[18:38:56] [Worker-Main-1/INFO]: Preparing spawn area: 0%
[18:38:56] [Worker-Main-1/INFO]: Preparing spawn area: 0%
[18:38:56] [Worker-Main-1/INFO]: Preparing spawn area: 0%
[18:38:56] [Server thread/INFO]: Time elapsed: 4275 ms
[18:38:56] [Server thread/INFO]: Done (4.593s)! For help, type "help"
[18:39:56] [Server thread/INFO]: Server empty for 60 seconds, pausing
